!XRAY
== <script> (entry) (arity 0) ==
0000  line 5  TRY_PUSH      8 29
0005  line 6  CONST         0    ; "x"
0008          CHUCK
0009  line 5  TRY_POP
0010          JUMP          12
0013          TRY_PUSH      65535 16
0018  line 8  GET_LOCAL     0
0020          YAP           1 1
0023  line 5  POP
0024          TRY_POP
0025  line 10 CONST         1    ; "done"
0028          YAP           1 1
0031  line 5  JUMP          7
0034  line 10 CONST         1    ; "done"
0037          YAP           1 1
0040  line 5  CHUCK
0041  line 13 TRY_PUSH      65535 19
0046  line 14 CONST         2    ; "try"
0049          YAP           1 1
0052  line 13 TRY_POP
0053          JUMP          0
0056  line 16 CONST         3    ; "cleanup-marker"
0059          YAP           1 1
0062  line 13 JUMP          7
0065  line 16 CONST         3    ; "cleanup-marker"
0068          YAP           1 1
0071  line 13 CHUCK
0072          GHOST
0073          RETURN

