SkillIssue: that isn't JSON: it ended too soon (at character 0).
SkillIssue: that isn't JSON: expected a key in quotes (at character 1).
SkillIssue: that isn't JSON: unexpected ']' (at character 3).
SkillIssue: that isn't JSON: there's more after the end of the value (at character 8).
SkillIssue: that isn't JSON: a string was never closed (at character 13).
SkillIssue: that isn't JSON: '\q' isn't an escape JSON has (at character 5).
SkillIssue: that isn't JSON: expected 'null' (at character 0).
SkillIssue: that isn't JSON: expected ':' after a key (at character 5).
SkillIssue: that isn't JSON: expected ',' or ']' (at character 3).
SkillIssue
fax
OutOfPocket
