squares: [1, 4, 9, 16]
worth hiring: fax
TypeVibeMismatch: a bet can't be handed to an intern -- it belongs to this heap. ghost, boolski, numba, yapstring, and stash/groupchat of those can cross.
started: otw
3² + 4² = 25
settled: <otw done 25>
caught: MathAintMathin: i divided by vibes
finished in this order: ["quick", "slow"]
