LexerSaidNah | a message for LexerSaidNah
ParserHadAStroke | a message for ParserHadAStroke
WhoDis | a message for WhoDis
TypeVibeMismatch | a message for TypeVibeMismatch
MathAintMathin | a message for MathAintMathin
OutOfPocket | a message for OutOfPocket
KeyGhosted | a message for KeyGhosted
GhostError | a message for GhostError
NotACallableRizz | a message for NotACallableRizz
WrongNumberOfHomies | a message for WrongNumberOfHomies
TooDeepBro | a message for TooDeepBro
ImportSkillIssue | a message for ImportSkillIssue
ImmutableVibes | a message for ImmutableVibes
SkillIssue | a message for SkillIssue
ComputerExploded | a message for ComputerExploded
error
KeyGhosted saved for later
42 7
12 1
45 5
""

OutOfPocket inner
caught: TypeVibeMismatch
caught: TypeVibeMismatch
caught: TypeVibeMismatch
caught: TypeVibeMismatch
caught: TypeVibeMismatch
done
