
                  _.-^^---....,,--
              _--                  --_
             <                        >)
             |                         |
              \._                   _./
                 ```--. . , ; .--'''
                       | |   |
                    .-=||  | |=-.
                    `-=#$%&%$#=-'
                       | ;  :|
              _____.,-#%&$@%#&#~,._____

  🍄 KERNEL PANIC: user was cringe
  computer.explode() called on purpose. couldn't be you.
  it's over. exit code 69.
caught: ComputerExploded
numba
fax
numba
fax
ghost
ghost
ghost
[2J[Hghost
[44m[2J[HFUNNYLANG_FAULT_NOT_HANDLED
[0mcaught: SkillIssue
