["a", "b", "", "c"]
["hello", "world"]
a,b,c
1,2.5,x,True,False
HELLO WORLD
hello world
hi
hi  
  hi
bonono
hello
fax
cap
fax
cap
fax
cap
6
-1
world
hello
hello world
olleh
olléh
ababab
005
500
hello
["a", "b", "c"]
["h", "\u00e9", "l", "l", "o"]
97
233
a
é
1 + 2 = 3
x and y, then x again
no placeholders here
{escaped}
fax
fax
cap
fax
fax
cap
cap
fax
cap
["a", "b", "c", "d"]
["a", "b"]
["the", "quick", "brown", "fox"]
Hello World
The Rain In Spain
hElLo wOrLd
5
5
HELLO
hello
hi
["a", "b", "c"]
fax
fax
fax
bonono
6
world
olleh
42
3.14
["a", "b", "c"]
e
o
104
ababab
005
500
HI
caught: OutOfPocket
caught: WhoDis
