!EXIT 69

                  _.-^^---....,,--
              _--                  --_
             <                        >)
             |                         |
              \._                   _./
                 ```--. . , ; .--'''
                       | |   |
                    .-=||  | |=-.
                    `-=#$%&%$#=-'
                       | ;  :|
              _____.,-#%&$@%#&#~,._____

  🍄 KERNEL PANIC: user was cringe
  computer.explode() called on purpose. couldn't be you.
  it's over. exit code 69.
