!XRAY --tokens
Token(YO, 'yo', 5:1)
Token(IDENT, '変数' '変数', 5:4)
Token(EQ, '=', 5:7)
Token(INT, '1' 1, 5:9)
Token(NEWLINE, '\n', 5:10)
Token(YO, 'yo', 6:1)
Token(IDENT, 'café' 'café', 6:4)
Token(EQ, '=', 6:9)
Token(INT, '2' 2, 6:11)
Token(NEWLINE, '\n', 6:12)
Token(YO, 'yo', 7:1)
Token(IDENT, '中文' '中文', 7:4)
Token(EQ, '=', 7:7)
Token(INT, '3' 3, 7:9)
Token(NEWLINE, '\n', 7:10)
Token(EOF, '', 8:1)
