!XRAY --tokens
Token(YO, 'yo', 1:1)
Token(DEADASS, 'deadass', 1:4)
Token(YAP, 'yap', 1:12)
Token(YEET, 'yeet', 1:16)
Token(MUMBLE, 'mumble', 1:21)
Token(BET, 'bet', 1:28)
Token(LOWKEY, 'lowkey', 1:32)
Token(BOUNCE, 'bounce', 1:39)
Token(NEWLINE, '\n', 1:45)
Token(SUS, 'sus', 2:1)
Token(KINDA_SUS, 'kinda_sus', 2:5)
Token(NAH, 'nah', 2:15)
Token(BRUH, 'bruh', 2:19)
Token(GRIND, 'grind', 2:24)
Token(FROM, 'from', 2:30)
Token(TO, 'to', 2:35)
Token(STEP, 'step', 2:38)
Token(IN, 'in', 2:43)
Token(NEWLINE, '\n', 2:45)
Token(BAIL, 'bail', 3:1)
Token(NVM, 'nvm', 3:6)
Token(SKETCHY, 'sketchy', 3:10)
Token(MY_BAD, 'my_bad', 3:18)
Token(REGARDLESS, 'regardless', 3:25)
Token(CHUCK, 'chuck', 3:36)
Token(GIMME, 'gimme', 3:42)
Token(AS, 'as', 3:48)
Token(NEWLINE, '\n', 3:50)
Token(FLEX, 'flex', 4:1)
Token(SQUAD, 'squad', 4:6)
Token(INHERITS, 'inherits', 4:12)
Token(ME, 'me', 4:21)
Token(OG, 'og', 4:24)
Token(SPAWN, 'spawn', 4:27)
Token(FAX, 'fax', 4:33)
Token(CAP, 'cap', 4:37)
Token(GHOST, 'ghost', 4:41)
Token(NEWLINE, '\n', 4:46)
Token(FR, 'fr', 5:1)
Token(ORR, 'orr', 5:4)
Token(AINT, 'aint', 5:8)
Token(SAME_ENERGY, 'same_energy', 5:13)
Token(DIFF_ENERGY, 'diff_energy', 5:25)
Token(VIBE, 'vibe', 5:37)
Token(NEWLINE, '\n', 5:41)
Token(VIBIN, 'vibin', 6:1)
Token(ASYNC_NGL, 'async_ngl', 6:7)
Token(AWAIT_FR, 'await_fr', 6:17)
Token(YIELD_LOL, 'yield_lol', 6:26)
Token(MATCH_THIS, 'match_this', 6:36)
Token(WHEN, 'when', 6:47)
Token(NEWLINE, '\n', 6:51)
Token(EOF, '', 7:1)
